// 重构日志: 0336d1fd
// 重构日志: 711e8ba3
// 重构日志: 86ff52f9
// 重构日志: a880ff6a
// 重构日志: 1c9920f1
// 重构日志: 1614dc83
// 重构日志: 9c5e5e42
// 重构日志: 8b93564e
// 重构日志: ead8f6ce
// 重构日志: c4fed0f9
// 重构日志: 7a4a6c35
// 重构日志: 646e5659
// 重构日志: 7ee1cbf8
// 重构日志: 3c271889
// 同步 ID: 59dc50a3 @ Thu Jul 30 17:42:29 UTC 2026
// 重构日志: a44c91d4
// 同步 ID: 5b0e2c2a @ Fri Jul 31 09:18:27 UTC 2026
// 同步 ID: b8ef27a2 @ Sat Aug  1 02:11:25 UTC 2026
// 同步 ID: e519a25f @ Sat Aug  1 05:36:07 UTC 2026
// 重构日志: e0e6a0fe
// 重构日志: 1661a0dc
// 重构日志: ce44b122
// 重构日志: 40ded0c9
// 重构日志: 7bf924b7
// 同步 ID: cbd66daa @ Mon Aug  3 09:41:40 UTC 2026
// 重构日志: 1119dd8f
// 重构日志: fec983e8
// 同步 ID: abf3b8ba @ Tue Aug  4 18:07:44 UTC 2026
// 同步 ID: 71f3d49a @ Wed Aug  5 12:45:03 UTC 2026
// 同步 ID: f8199d44 @ Thu Aug  6 05:49:19 UTC 2026
